
R version 4.4.0 (2024-04-24) -- "Puppy Cup"
Copyright (C) 2024 The R Foundation for Statistical Computing
Platform: aarch64-apple-darwin20

R is free software and comes with ABSOLUTELY NO WARRANTY.
You are welcome to redistribute it under certain conditions.
Type 'license()' or 'licence()' for distribution details.

  Natural language support but running in an English locale

R is a collaborative project with many contributors.
Type 'contributors()' for more information and
'citation()' on how to cite R or R packages in publications.

Type 'demo()' for some demos, 'help()' for on-line help, or
'help.start()' for an HTML browser interface to help.
Type 'q()' to quit R.

> # integrated_infill_analysis.R
> # Combines three analyses:
> # (1) Pricing propensity for duplexes/multiplexes by census tract
> # (2) Built FSR by dwelling type (single/duplex)
> # (3) Laneway home classification to break out single/single+laneway/duplex
> # Tom Davidoff, 12/29/25
> 
> library(data.table)
Warning message:
package ‘data.table’ was built under R version 4.4.1 
> library(fixest)
> library(ggplot2)
> library(scales)

Attaching package: ‘scales’

The following object is masked from ‘package:fixest’:

    pvalue

> library(stringr)
> library(RSQLite)
> library(sf)
Linking to GEOS 3.11.0, GDAL 3.5.3, PROJ 9.1.0; sf_use_s2() is TRUE
> library(readxl)
> 
> # ==========================================
> # SETTINGS & PATHS
> # ==========================================
> GEO_LEVEL <- "census_tract" # Options: "bca_nbhd", "census_tract", "fsa_plus_1"
> PCCF_RAW  <- "data/raw/pccfNat_fccpNat_062017.txt"
> PCCF_RDS  <- "data/pccf_bc.rds"
> BCA_DB    <- "~/OneDrive - UBC/Documents/data/bca/REVD16_and_inventory_extracts.sqlite3"
> PERMIT_F  <- "data/raw/vancouver_permits_full.csv"
> ZONING_F  <- "data/raw/vancouver_zoning.geojson"
> 
> # BCA 2025 files
> BCA_DESC_F <- "~/OneDrive - UBC/Documents/data/bca/data_advice_REVD25_20250331/bca_folio_descriptions_20250331_REVD25.csv"
> BCA_RESINV_F <- "~/OneDrive - UBC/Documents/data/bca/Residential_inventory_202501/20250101_A09_Residential_Inventory_Extract.txt"
> LANEWAY_F <- "data/raw/20231231_UBC_CustomLanewayReport.xlsx"
> 
> clean_pc  <- function(x) gsub(" ", "", toupper(trimws(x)))
> 
> # ==========================================
> # PART 1: BCA 2016 PRICING DATA FOR PROPENSITY
> # ==========================================
> cat("\n=== PART 1: Loading BCA 2016 pricing data ===\n")

=== PART 1: Loading BCA 2016 pricing data ===
> 
> # Prepare PCCF crosswalk
> if (!file.exists(PCCF_RDS)) {
+     dtPccf <- fread(PCCF_RAW, sep = "\n", header = FALSE, encoding = "Latin-1")
+     Encoding(dtPccf$V1) <- "latin1"
+     dtPccf[, `:=`(
+         postalCode  = substr(V1, 1, 6),
+         cma         = substr(V1, 99, 101),
+         censusTract = substr(V1, 103, 109),
+         sli         = substr(V1, 162, 162) # 
+     )]
+     saveRDS(dtPccf[cma == "933" & sli == "1", .(postalCode, censusTract)], PCCF_RDS)
+ }
> 
> # Load BCA 2016 sales data (all residential)
> db <- dbConnect(SQLite(), BCA_DB)
> dtBCA2016 <- as.data.table(dbGetQuery(db, "
+     SELECT s.folioID, s.conveyancePrice, s.conveyanceDate,
+            i.MB_effective_year, i.MB_total_finished_area, d.landWidth, d.landDepth,
+            d.actualUseDescription, d.neighbourhoodDescription, a.postalCode
+     FROM sales s
+     JOIN folio f ON s.folioID = f.folioID
+     JOIN residentialInventory i ON f.rollNumber = i.roll_number
+     JOIN folioDescription d ON f.folioID = d.folioID
+     JOIN address a ON f.folioID = a.folioID
+     WHERE s.conveyanceTypeDescription = 'Improved Single Property Transaction'
+       AND i.jurisdiction = 200
+ "))
> dbDisconnect(db)
> 
> # Keep all records
> dtBCA2016_all <- dtBCA2016
> 
> # Numeric conversion and cleaning
> cols <- c("conveyancePrice", "MB_effective_year", "MB_total_finished_area","landWidth","landDepth")
> dtBCA2016_all[, (cols) := lapply(.SD, as.numeric), .SDcols = cols]
> dtBCA2016_all <- dtBCA2016_all[!is.na(MB_total_finished_area) & conveyancePrice > 100000]
> dtBCA2016_all[, land_area := landWidth * landDepth]
> 
> # filter types to only single and duplex 
> print(table(dtBCA2016_all$actualUseDescription))

  2 Acres Or More (Single Family Dwelling, Duplex) 
                                                71 
         Bed & Breakfast Operation 4 Or More Units 
                                                 5 
       Bed & Breakfast Operation Less Than 4 Units 
                                                36 
                             Commercial Strata-Lot 
                                                97 
   Duplex, Non-Strata Side by Side or Front / Back 
                                              1229 
                      Duplex, Non-Strata Up / Down 
                                               124 
                       Duplex, Strata Front / Back 
                                              3932 
                       Duplex, Strata Side by Side 
                                              2337 
                          Duplex, Strata Up / Down 
                                               265 
               Individual Strata Lot (Hotel/Motel) 
                                               136 
                         Multi-Family (Conversion) 
                                               838 
                                             Other 
                                                 4 
                                           Poultry 
                                                 2 
                 Property Subject To Section 19(8) 
                                               265 
                   Residential Dwelling with Suite 
                                             62119 
                      Residential Outbuilding Only 
                                                 4 
               Row Housing (Single Unit Ownership) 
                                             16291 
                            Single Family Dwelling 
                                             56547 
             Stores And/Or Offices With Apartments 
                                                 1 
                Strata-Lot Residence (Condominium) 
                                            151315 
  Stratified Rental Apartment (Frame Construction) 
                                               287 
Stratified Rental Apartment (Hi-Rise Construction) 
                                                 4 
                       Stratified Rental Townhouse 
                                                28 
              Vacant Residential Less Than 2 Acres 
                                               198 
> dtBCA2016_all <- dtBCA2016_all[grepl("Single Family Dwelling|Duplex|Residential Dwelling with Suite", actualUseDescription, ignore.case = TRUE)]
> print(table(dtBCA2016_all$actualUseDescription))

2 Acres Or More (Single Family Dwelling, Duplex) 
                                              71 
 Duplex, Non-Strata Side by Side or Front / Back 
                                            1229 
                    Duplex, Non-Strata Up / Down 
                                             124 
                     Duplex, Strata Front / Back 
                                            3932 
                     Duplex, Strata Side by Side 
                                            2337 
                        Duplex, Strata Up / Down 
                                             265 
                 Residential Dwelling with Suite 
                                           62119 
                          Single Family Dwelling 
                                           56547 
> 
> # Metrics & Outliers
> CUT <- 0.05
> dtBCA2016_all[, `:=`(
+     age = 2016 - MB_effective_year, 
+     ppsf = conveyancePrice / MB_total_finished_area, 
+     cleanPostal = clean_pc(postalCode),
+     dwelling_type = ifelse(grepl("uplex", actualUseDescription, ignore.case = TRUE), "duplex", "single")
+ )]
> 
> dtBCA2016_all <- dtBCA2016_all[
+     age >= 0 &
+     MB_total_finished_area %between% quantile(MB_total_finished_area, c(CUT, 1-CUT))
+ ]
> 
> cat("BCA 2016 transactions loaded:", nrow(dtBCA2016_all), "\n")
BCA 2016 transactions loaded: 110725 
> cat("  Single:", dtBCA2016_all[dwelling_type == "single", .N], "\n")
  Single: 106980 
> cat("  Duplex:", dtBCA2016_all[dwelling_type == "duplex", .N], "\n")
  Duplex: 3745 
> 
> # ==========================================
> # PART 2: BCA 2025 FSR & LANEWAY ANALYSIS
> # ==========================================
> cat("\n=== PART 2: Loading BCA 2025 inventory for FSR analysis ===\n")

=== PART 2: Loading BCA 2025 inventory for FSR analysis ===
> 
> # Load descriptions
> dtDesc <- fread(
+   BCA_DESC_F,
+   select = c("FOLIO_ID", "ROLL_NUMBER", "ACTUAL_USE_DESCRIPTION", "LAND_SIZE")
+ )
> dtDesc[, Roll_Number := as.numeric(ROLL_NUMBER)]
Warning message:
In eval(jsub, SDenv, parent.frame()) : NAs introduced by coercion
> 
> # Load residential inventory (2019+)
> dtRoll <- fread(
+   BCA_RESINV_F,
+   select = c("Roll_Number", "MB_Year_Built", "MB_Total_Finished_Area", 
+              "Land_Area_Total", "Zoning")
+ )
> dtRoll <- dtRoll[MB_Year_Built > 2018]
> 
> # Merge
> dtMerge <- merge(dtDesc, dtRoll, by = "Roll_Number")
> 
> cat("BCA 2025 records (2019+):", nrow(dtMerge), "\n")
BCA 2025 records (2019+): 19783 
> 
> # Classify dwelling types
> dtMerge[, dwelling_type := fcase(
+   grepl("Duplex", ACTUAL_USE_DESCRIPTION, ignore.case = TRUE), "duplex",
+   grepl("Single Family Dwelling", ACTUAL_USE_DESCRIPTION, ignore.case = TRUE), "single_family",
+   ACTUAL_USE_DESCRIPTION == "Residential Dwelling with Suite", "single_family",
+   default = "other"
+ )]
> 
> # Unit-level prep
> dt <- dtMerge[
+   dwelling_type %in% c("single_family", "duplex") &
+   !is.na(MB_Total_Finished_Area) &
+   !is.na(Land_Area_Total) &
+   Land_Area_Total > 0
+ ]
> 
> dt[, `:=`(
+   land_sqft = Land_Area_Total * 43560,
+   roll_base = floor(Roll_Number / 1000)
+ )]
> 
> # Load laneway data
> dtLaneway <- as.data.table(read_excel(LANEWAY_F, sheet = "DATA"))
> setnames(dtLaneway, "ROLL_NUM", "Roll_Number_char")
> dtLaneway[, `:=`(
+   Roll_Number = as.numeric(Roll_Number_char),
+   roll_base = floor(as.numeric(Roll_Number_char) / 1000)
+ )]
> 
> cat("Laneway records:", nrow(dtLaneway), "\n")
Laneway records: 943 
> 
> # ==========================================
> # PART 3: LOT-LEVEL AGGREGATION WITH LANEWAY FLAG
> # ==========================================
> cat("\n=== PART 3: Aggregating to lot level with laneway classification ===\n")

=== PART 3: Aggregating to lot level with laneway classification ===
> 
> # Aggregate to lot level
> dt_lot <- dt[, .(
+   dwelling_type = first(dwelling_type),
+   land_sqft = first(land_sqft),
+   total_floor_area = sum(MB_Total_Finished_Area),
+   n_units = .N,
+   year_built = max(MB_Year_Built)
+ ), by = roll_base]
> 
> dt_lot[, fsr := total_floor_area / land_sqft]
> dt_lot_clean <- dt_lot[land_sqft <= 10000 & fsr < 2]
> 
> # Add laneway flag
> dt_lot_clean[, has_laneway := roll_base %in% dtLaneway$roll_base]
> 
> # Create detailed classification
> dt_lot_clean[, dwelling_class := fcase(
+   dwelling_type == "duplex", "duplex",
+   dwelling_type == "single_family" & has_laneway, "single_with_laneway",
+   dwelling_type == "single_family" & !has_laneway, "single_only",
+   default = "other"
+ )]
> 
> cat("\n=== Dwelling classification (2019+) ===\n")

=== Dwelling classification (2019+) ===
> print(dt_lot_clean[, .N, by = dwelling_class])
        dwelling_class     N
                <char> <int>
1:         single_only  1443
2:              duplex  1247
3: single_with_laneway   526
> 
> cat("\n=== FSR by dwelling class ===\n")

=== FSR by dwelling class ===
> print(dt_lot_clean[, .(
+   n_lots = .N,
+   mean_fsr = round(mean(fsr), 3),
+   median_fsr = round(median(fsr), 3),
+   mean_land = round(mean(land_sqft), 0),
+   mean_floor = round(mean(total_floor_area), 0)
+ ), by = dwelling_class])
        dwelling_class n_lots mean_fsr median_fsr mean_land mean_floor
                <char>  <int>    <num>      <num>     <num>      <num>
1:         single_only   1443    0.667      0.699      4959       3265
2:              duplex   1247    0.643      0.713      4565       2896
3: single_with_laneway    526    0.677      0.702      5008       3354
> 
> # ==========================================
> # PART 4: PERMIT DATA & INFILL PROPENSITY
> # ==========================================
> cat("\n=== PART 4: Loading permit data for infill propensity ===\n")

=== PART 4: Loading permit data for infill propensity ===
> 
> if (!file.exists(PERMIT_F)) {
+     download.file(
+         "https://opendata.vancouver.ca/api/explore/v2.1/catalog/datasets/issued-building-permits/exports/csv?delimiter=%3B", 
+         PERMIT_F
+     )
+ }
> if (!file.exists(ZONING_F)) {
+     download.file(
+         "https://opendata.vancouver.ca/api/explore/v2.1/catalog/datasets/zoning-districts-and-labels/exports/geojson", 
+         ZONING_F
+     )
+ }
> 
> dtPermit <- fread(PERMIT_F)
> setnames(dtPermit, make.names(names(dtPermit)))
> 
> # Filter Major Infill Projects
> dtMajor <- dtPermit[
+     as.IDate(issuedate) >= "2019-01-01" &
+     typeofwork %in% c("New Building", "Addition / Alteration") &
+     projectvalue > 200000
+ ]
> 
> # Enhanced infill classification including laneways and multiplexes
> dtMajor[, `:=`(
+     infillType = fcase(
+         grepl("multiplex", projectdescription, ignore.case = TRUE), "multiplex",
+         grepl("uplex|Multiple Dwelling", specificusecategory, ignore.case = TRUE) |
+             grepl("convert|two-family|2-family", projectdescription, ignore.case = TRUE), "duplex",
+         grepl("laneway", specificusecategory, ignore.case = TRUE) |
+             grepl("laneway", projectdescription, ignore.case = TRUE), "laneway",
+         default = "major_sfd_reno"
+     ),
+     cleanPostal = clean_pc(str_sub(address, -7))
+ )]
> 
> cat("Permits by infill type:\n")
Permits by infill type:
> print(dtMajor[, .N, by = infillType])
       infillType     N
           <char> <int>
1: major_sfd_reno  4898
2:         duplex  3028
3:        laneway  2410
4:      multiplex   295
> 
> # Extract Lat/Long and Spatial Join
> dtMajor[, c("Lat", "Lon") := tstrsplit(geo_point_2d, ", ", type.convert = TRUE)]
> sfPermit <- st_join(
+     st_as_sf(dtMajor[!is.na(Lat)], coords = c("Lon", "Lat"), crs = 4326),
+     st_read(ZONING_F, quiet = TRUE)
+ )
> 
> # Filter for R1-1 Zone
> dtRZone <- as.data.table(sfPermit)[grepl("R1-1", zoning_district)]
> 
> cat("Permits in R1-1 zone:", nrow(dtRZone), "\n")
Permits in R1-1 zone: 5691 
> 
> # ==========================================
> # PART 5: GEOGRAPHIC CROSSWALK & MERGE
> # ==========================================
> cat("\n=== PART 5: Creating geographic crosswalk ===\n")

=== PART 5: Creating geographic crosswalk ===
> 
> if (GEO_LEVEL == "bca_nbhd") {
+     crosswalk <- dtBCA2016_all[, .N, by = .(cleanPostal, geo_id = neighbourhoodDescription)]
+     crosswalk <- crosswalk[order(cleanPostal, -N)][, .(geo_id = geo_id[1]), by = cleanPostal]
+ } else if (GEO_LEVEL == "census_tract") {
+     crosswalk <- readRDS(PCCF_RDS)[, .(cleanPostal = postalCode, geo_id = censusTract)]
+ } else {
+     crosswalk <- dtBCA2016_all[, .(geo_id = str_sub(cleanPostal, 1, 4)), by = cleanPostal]
+ }
> 
> # Merge data to geography
> dtBCAGeo <- merge(dtBCA2016_all, crosswalk, by = "cleanPostal")
> dtPermitGeo <- merge(dtRZone, crosswalk, by = "cleanPostal")
> 
> cat("BCA records with geography:", nrow(dtBCAGeo), "\n")
BCA records with geography: 106995 
> cat("Permit records with geography:", nrow(dtPermitGeo), "\n")
Permit records with geography: 5188 
> 
> # ==========================================
> # PART 6: PRICING ANALYSIS - SINGLE VS DUPLEX
> # ==========================================
> cat("\n=== PART 6: Comparing single vs duplex pricing (2016 data) ===\n")

=== PART 6: Comparing single vs duplex pricing (2016 data) ===
> 
> # Overall comparison
> price_comparison <- dtBCAGeo[, .(
+     mean_ppsf = mean(ppsf, na.rm = TRUE),
+     median_ppsf = median(ppsf, na.rm = TRUE),
+     mean_sqft = mean(MB_total_finished_area, na.rm = TRUE),
+     n_sales = .N
+ ), by = dwelling_type]
> 
> print(price_comparison)
   dwelling_type mean_ppsf median_ppsf mean_sqft n_sales
          <char>     <num>       <num>     <num>   <int>
1:        single  266.5255    186.0465  2623.698  103351
2:        duplex  380.0912    289.1495  1820.808    3644
> 
> # Regression: duplex vs single price per sqft
> m_dwelling <- feols(ppsf ~ dwelling_type + log(age + 1) + MB_total_finished_area | geo_id, 
+                     data = dtBCAGeo)
> print(summary(m_dwelling))
OLS estimation, Dep. Var.: ppsf
Observations: 106,995
Fixed-effects: geo_id: 133
Standard-errors: Clustered (geo_id) 
                         Estimate Std. Error   t value   Pr(>|t|)    
dwelling_typesingle    -40.269283  10.915231  -3.68927 0.00032766 ***
log(age + 1)           -70.459928   5.374256 -13.11064  < 2.2e-16 ***
MB_total_finished_area  -0.047685   0.002999 -15.89796  < 2.2e-16 ***
---
Signif. codes:  0 '***' 0.001 '**' 0.01 '*' 0.05 '.' 0.1 ' ' 1
RMSE: 229.0     Adj. R2: 0.150118
              Within R2: 0.059757
> 
> # ==========================================
> # PART 7: PRICING SLOPE (CONCAVITY) BY TRACT
> # ==========================================
> cat("\n=== PART 7: Calculating pricing slope by census tract ===\n")

=== PART 7: Calculating pricing slope by census tract ===
> 
> # BCA Pricing Slope (for singles only, to match original analysis)
> m_slopes <- feols(
+     ppsf ~ log(age + 1) + i(geo_id, MB_total_finished_area) | geo_id, 
+     data = dtBCAGeo[dwelling_type == "single"]
+ )
The variables 'geo_id::0040.01:MB_total_finished_area', 'geo_id::0061.00:MB_total_finished_area', 'geo_id::0064.00:MB_total_finished_area', 'geo_id::0065.00:MB_total_finished_area', 'geo_id::0068.00:MB_total_finished_area', 'geo_id::0140.02:MB_total_finished_area' and 25 others have been removed because of collinearity (see $collin.var).
> 
> # Curiosity: duplex by neighbourhood
> dtBCAGeo[,duplex:= ifelse(dwelling_type=="duplex",1,0)]
> m_duplex <- feols(ppsf ~ log(age+1) + log(land_area) + i(geo_id,duplex) | geo_id + duplex,data=dtBCAGeo)
NOTE: 10,513 observations removed because of NA values (RHS: 10,513).
The variables 'geo_id::0041.01:duplex' and 'geo_id::0059.11:duplex' have been removed because of collinearity (see $collin.var).
> 
> dtSlopes <- as.data.table(broom::tidy(m_slopes))[grepl("MB_total_finished_area", term)]
> dtSlopes[, geo_id := gsub("geo_id::(.*):MB_total_finished_area", "\\1", term)]
> dtDuplexCoef <- as.data.table(broom::tidy(m_duplex))[grepl("duplex", term)]
> dtDuplexCoef[, geo_id := gsub("geo_id::(.*):duplex", "\\1", term)]
> dtDuplexSlopes <- merge(dtSlopes, dtDuplexCoef[, .(geo_id, duplex_coef = estimate)], by = "geo_id", all.x = TRUE)
> print(cor(dtDuplexSlopes$estimate, dtDuplexSlopes$duplex_coef, use = "complete.obs"))
[1] 0.1343553
> ggplot(dtDuplexSlopes, aes(x=estimate,y=duplex_coef)) + geom_point() + geom_smooth(method="lm")
`geom_smooth()` using formula = 'y ~ x'
Warning messages:
1: Removed 48 rows containing non-finite outside the scale range
(`stat_smooth()`). 
2: Removed 48 rows containing missing values or values outside the scale range
(`geom_point()`). 
> ggsave("text/duplexCoefSlope.png", width=8,height=6)
`geom_smooth()` using formula = 'y ~ x'
Warning messages:
1: Removed 48 rows containing non-finite outside the scale range
(`stat_smooth()`). 
2: Removed 48 rows containing missing values or values outside the scale range
(`geom_point()`). 
> q("no")
> proc.time()
   user  system elapsed 
 27.340   3.528  21.123 
