
R version 4.4.0 (2024-04-24) -- "Puppy Cup"
Copyright (C) 2024 The R Foundation for Statistical Computing
Platform: aarch64-apple-darwin20

R is free software and comes with ABSOLUTELY NO WARRANTY.
You are welcome to redistribute it under certain conditions.
Type 'license()' or 'licence()' for distribution details.

  Natural language support but running in an English locale

R is a collaborative project with many contributors.
Type 'contributors()' for more information and
'citation()' on how to cite R or R packages in publications.

Type 'demo()' for some demos, 'help()' for on-line help, or
'help.start()' for an HTML browser interface to help.
Type 'q()' to quit R.

> # bcaExPostSales.R
> # R to look at duplex premium by census tract and relate to tract-level mean vs slope
> # Tom Davidoff
> # 01/23/26
> 
> library(data.table)
Warning message:
package ‘data.table’ was built under R version 4.4.1 
> library(ggplot2)
> library(sf)
Linking to GEOS 3.11.0, GDAL 3.5.3, PROJ 9.1.0; sf_use_s2() is TRUE
> library(fixest)
> 
> # Prep data analysis
> 
> fClean <- "~/OneDrive - UBC/dataProcessed/bca25Sales_cleaned.rds"
> if (!file.exists(fClean)) {
+   # tract level coefficients from bcaSales.R
+ 
+ # get property geometry
+ # from bcaSales.R
+ # get sales and other data
+   library(sf)
+   library(data.table)
+ 
+   BCA25 <- "/Volumes/T7Office/bigFiles/bca_folios_spatial_file_20251103/bca_folios.gpkg.gpkg"
+ 
+   library(sf)
+ 
+ 
+   bca_subset <- st_read(
+     BCA25,
+     query = "
+       SELECT 
+         d.FOLIO_ID,
+         d.ROLL_NUMBER,
+         d.ACTUAL_USE_DESCRIPTION,
+         d.JURISDICTION_CODE,
+         d.NEIGHBOURHOOD,
+         s.CONVEYANCE_PRICE,
+         s.CONVEYANCE_DATE,
+         d.geom
+       FROM WHSE_HUMAN_CULTURAL_ECONOMIC_BCA_FOLIO_DESCRIPTIONS_SV d
+       LEFT JOIN WHSE_HUMAN_CULTURAL_ECONOMIC_BCA_FOLIO_SALES_SV s
+         ON d.FOLIO_ID = s.FOLIO_ID
+       WHERE d.JURISDICTION_CODE = '200'
+     "
+   )
+ 
+ # get year built from inventory
+   fInventory <- "~/OneDrive - UBC/Documents/data/bca/Residential_inventory_202501/20250101_A09_Residential_Inventory_Extract.txt"
+   dtInventory <- fread(fInventory,select=c("Roll_Number","MB_Effective_Year","MB_Total_Finished_Area","MB_Year_Built","Other_Building_Flag"),colClasses=list(character=c("Roll_Number")))
+   print(names(dtInventory))
+   print(head(dtInventory))
+   print(head(bca_subset))
+ 
+ 
+   ct_file <- "~/OneDrive - UBC/dataRaw/lct_000b21a_e/lct_000b21a_e.shp"
+   sCT <- st_read(ct_file, quiet = TRUE)
+   sCT <- st_make_valid(sCT)
+   stBCA <- st_crs(bca_subset)
+   sCT <- st_transform(sCT, stBCA)
+ 
+   print(nrow(bca_subset))
+   bca_subset <- st_join(bca_subset, sCT[, c("CTUID")], join = st_within, left = TRUE)
+   print(nrow(bca_subset))
+   dtBCA <- merge(as.data.table(bca_subset), dtInventory, by.x="ROLL_NUMBER", by.y="Roll_Number", all.x=TRUE)
+   print(nrow(dtBCA))
+ 
+   saveRDS(dtBCA, fClean)
+ }
> 
> dtBCA <- readRDS(fClean)
> print(head(dtBCA))
Key: <ROLL_NUMBER>
       ROLL_NUMBER   FOLIO_ID          ACTUAL_USE_DESCRIPTION JURISDICTION_CODE
            <char>     <char>                          <char>            <char>
1: 001019632060000 A000000009          Single Family Dwelling               200
2: 001019632060000 A000000009          Single Family Dwelling               200
3: 001019632060000 A000000009          Single Family Dwelling               200
4: 001019632290000 A00000000A          Single Family Dwelling               200
5: 001019632290000 A00000000A          Single Family Dwelling               200
6: 001019632450000 A00000000B Residential Dwelling with Suite               200
   NEIGHBOURHOOD CONVEYANCE_PRICE CONVEYANCE_DATE      CTUID
          <char>            <num>          <POSc>     <char>
1:    Point Grey                1      2014-06-05 9330044.00
2:    Point Grey          9450000      2014-06-16 9330044.00
3:    Point Grey         17309000      2019-04-05 9330044.00
4:    Point Grey          1700000      1991-07-09 9330044.00
5:    Point Grey          8800000      2013-02-08 9330044.00
6:    Point Grey           190000      1977-04-15 9330044.00
                             geom MB_Effective_Year MB_Total_Finished_Area
                    <sfc_POLYGON>             <int>                  <int>
1: POLYGON ((1202268 477115.7,...              2020                  11895
2: POLYGON ((1202268 477115.7,...              2020                  11895
3: POLYGON ((1202268 477115.7,...              2020                  11895
4: POLYGON ((1202148 477104.5,...              1997                   7760
5: POLYGON ((1202148 477104.5,...              1997                   7760
6: POLYGON ((1202142 477028.4,...              1945                   3215
   MB_Year_Built Other_Building_Flag
           <int>              <char>
1:          2018                   X
2:          2018                   X
3:          2018                   X
4:          1915                   X
5:          1915                   X
6:          1945                   X
> 
> dtCoefs <- fread("tables/bca19_mean_ppsf_slope_by_tract.csv",colClasses=list(character=c("CTUID")))
> CRITN <- quantile(dtCoefs[,nobs],.1)
> dtCoefs  <- dtCoefs[nobs >= CRITN]
> print(head(dtCoefs))
        CTUID meanPPSF  nobs       slope  elasticity
       <char>    <num> <int>       <num>       <num>
1:            720.9720    22          NA          NA
2: 9330002.01 626.5062    52  0.13265622  0.78731774
3: 9330002.03 614.8959    66  0.00637558 -0.07086556
4: 9330002.04 587.9429    38 -0.05662621 -0.68063012
5: 9330003.01 612.5530    55 -0.03944115 -0.12328405
6: 9330003.02 614.5645    59  0.06133588  0.20715029
> print(cor(dtCoefs[,.(meanPPSF,slope,elasticity)]))
           meanPPSF slope elasticity
meanPPSF          1    NA         NA
slope            NA     1         NA
elasticity       NA    NA          1
> 
> dtBCA <- merge(dtBCA, dtCoefs, by="CTUID")
> print(head(dtBCA))
Key: <CTUID>
        CTUID     ROLL_NUMBER   FOLIO_ID      ACTUAL_USE_DESCRIPTION
       <char>          <char>     <char>                      <char>
1: 9330002.01 007640169704050 A000000XY3         Industrial (Vacant)
2: 9330002.01 007640169704050 A000000XY3         Industrial (Vacant)
3: 9330002.01 018270830060001 A000002GJ3 Duplex, Strata Front / Back
4: 9330002.01 018270830060001 A000002GJ3 Duplex, Strata Front / Back
5: 9330002.01 018270830060001 A000002GJ3 Duplex, Strata Front / Back
6: 9330002.01 018270830060002 A000002GJ4 Duplex, Strata Front / Back
   JURISDICTION_CODE NEIGHBOURHOOD CONVEYANCE_PRICE CONVEYANCE_DATE
              <char>        <char>            <num>          <POSc>
1:               200      Fairview               NA            <NA>
2:               200      Fairview               NA            <NA>
3:               200  Marine Drive           292000      2001-09-14
4:               200  Marine Drive           663000      2009-11-10
5:               200  Marine Drive          1114000      2017-03-23
6:               200  Marine Drive           280500      2011-04-04
                             geom MB_Effective_Year MB_Total_Finished_Area
                    <sfc_POLYGON>             <int>                  <int>
1: POLYGON ((1215455 470069.2,...                NA                     NA
2: POLYGON ((1214898 469976.7,...                NA                     NA
3: POLYGON ((1214635 470087.1,...              1993                   1919
4: POLYGON ((1214635 470087.1,...              1993                   1919
5: POLYGON ((1214635 470087.1,...              1993                   1919
6: POLYGON ((1214635 470087.1,...              1993                   1374
   MB_Year_Built Other_Building_Flag meanPPSF  nobs     slope elasticity
           <int>              <char>    <num> <int>     <num>      <num>
1:            NA                <NA> 626.5062    52 0.1326562  0.7873177
2:            NA                <NA> 626.5062    52 0.1326562  0.7873177
3:          1993                   X 626.5062    52 0.1326562  0.7873177
4:          1993                   X 626.5062    52 0.1326562  0.7873177
5:          1993                   X 626.5062    52 0.1326562  0.7873177
6:          1993                   X 626.5062    52 0.1326562  0.7873177
> 
> print(table(dtBCA[,ACTUAL_USE_DESCRIPTION]))

                         2 Acres Or More (Outbuilding) 
                                                     1 
      2 Acres Or More (Single Family Dwelling, Duplex) 
                                                    79 
                              2 Acres Or More (Vacant) 
                                                     2 
                                       Air Space Title 
                                                    14 
                                                  Alrt 
                                                    11 
                                        Asphalt Plants 
                                                     2 
                                 Automobile Dealership 
                                                    29 
                  Automobile Paint Shop, Garages, Etc. 
                                                    47 
                                Automobile Sales (Lot) 
                                                     2 
                                                  Bank 
                                                    70 
           Bed & Breakfast Operation Less Than 4 Units 
                                                    25 
                                               Big Box 
                                                    24 
                                               Brewery 
                                                     1 
                 Bus Company, Including Street Railway 
                                                    19 
                                              Car Wash 
                                                     1 
              Cemeteries (Includes Public Or Private). 
                                                     8 
                              Churches & Bible Schools 
                                                   231 
          Civic, Institutional & Recreational (Vacant) 
                                                   287 
                                     Clothing Industry 
                                                     5 
                                 Commercial Strata-Lot 
                                                  2864 
                     Convenience Store/Service Station 
                                                     7 
                                   Drive-In Restaurant 
                                                     5 
       Duplex, Non-Strata Side by Side or Front / Back 
                                                  1290 
                          Duplex, Non-Strata Up / Down 
                                                    83 
                           Duplex, Strata Front / Back 
                                                  3805 
                           Duplex, Strata Side by Side 
                                                  1780 
                              Duplex, Strata Up / Down 
                                                    70 
       Electrical Power Systems (Including Non-Utility 
                                                    11 
                                 Fast Food Restaurants 
                                                    26 
                                           Food Market 
                                                    17 
                                              Fourplex 
                                                     4 
                              Gas Distribution Systems 
                                                     3 
              Golf Courses (Includes Public & Private) 
                                                     6 
Government Buildings (Includes Courthouse, Post Office 
                                                    26 
                                        Grain & Forage 
                                                     2 
                                       Grain Elevators 
                                                    50 
                   Hall (Community, Lodge, Club, Etc.) 
                                                    44 
Hospitals (Nursing Homes Refer To Commercial Section). 
                                                    10 
                                                 Hotel 
                                                     4 
                               IC&I Water Lot (Vacant) 
                                                    10 
                                   Industrial (Vacant) 
                                                    26 
                                      Leather Industry 
                                                     2 
                      Lumber Yard Or Building Supplies 
                                                     3 
                          Metal Fabricating Industries 
                                                     2 
                       Miscellaneous (Food Processing) 
                                                     1 
            Miscellaneous (Forest And Allied Industry) 
                                                     2 
          Miscellaneous (Mining And Allied Industries) 
                                                     3 
        Miscellaneous (Transportation & Communication) 
                                                     4 
                    Miscellaneous & (Industrial Other) 
                                                     3 
                                                 Mixed 
                                                     4 
                        Multi-Family (Apartment Block) 
                                                   726 
                             Multi-Family (Conversion) 
                                                  1864 
         Multi-Family (Garden Apartment & Row Housing) 
                                                    91 
                              Multi-Family (High-Rise) 
                                                    60 
                     Multi-Family (Minimal Commercial) 
                                                   314 
                      Multi-Family (Residential Hotel) 
                                                    16 
                                 Multi-Family (Vacant) 
                                                    43 
                         Office Building (Primary Use) 
                                                   124 
                                                 Other 
                                                    18 
               Parking (Lot Only, Paved Or Gravel-Com) 
                                                   132 
               Parking (Lot Only, Paved Or Gravel-Res) 
                                                    12 
                    Parking Lot Only (Paved Or Gravel) 
                                                    17 
                                Parks & Playing Fields 
                                                    62 
                        Printing & Publishing Industry 
                                                     5 
                     Property Subject To Section 19(8) 
                                                  2062 
                                               Railway 
                                                    56 
   Recreational & Cultural Buildings (Includes Curling 
                                                    22 
                         Recreational Clubs, Ski Hills 
                                                     1 
                       Residential Dwelling with Suite 
                                                 84293 
                          Residential Outbuilding Only 
                                                    17 
                                       Restaurant Only 
                                                    96 
                                          Retail Strip 
                                                    65 
                   Row Housing (Single Unit Ownership) 
                                                  9590 
                                              Sawmills 
                                                     1 
  Schools & Universities, College Or Technical Schools 
                                                   118 
                                              Sea Food 
                                                     2 
                                          Self Storage 
                                                    17 
                            Self-Serve Service Station 
                                                     5 
                 Seniors Independent & Assisted Living 
                                                    19 
                                 Seniors Licensed Care 
                                                    34 
                                       Service Station 
                                                    42 
                           Shopping Centre (Community) 
                                                     8 
                       Shopping Centre (Neighbourhood) 
                                                     7 
                            Shopping Centre (Regional) 
                                                     2 
                                Sign Or Billboard Only 
                                                     2 
                                Single Family Dwelling 
                                                 79374 
                        Storage & Warehousing (Closed) 
                                                   291 
                          Storage & Warehousing (Cold) 
                                                     1 
                          Storage & Warehousing (Open) 
                                                     8 
                          Store(S) And Living Quarters 
                                                   919 
                                  Store(S) And Offices 
                                                   254 
                       Store(S) And Service Commercial 
                                                   710 
                 Stores And/Or Offices With Apartments 
                                                    21 
                       Strata Lot (Parking Commercial) 
                                                    38 
                    Strata-Lot Residence (Condominium) 
                                                 39057 
                 Stratified Operational Facility Areas 
                                                    20 
      Stratified Rental Apartment (Frame Construction) 
                                                   887 
                           Stratified Rental Townhouse 
                                                     6 
             Telecommunications (Other Than Telephone) 
                                                     2 
                                             Telephone 
                                                     3 
                                     Theatre Buildings 
                                                     6 
                                               Triplex 
                                                    57 
                                           Vacant IC&I 
                                                   268 
                  Vacant Residential Less Than 2 Acres 
                                                   297 
                                     Vegetable & Truck 
                                                     5 
                            Water Distribution Systems 
                                                     5 
                                           Works Yards 
                                                     3 
> dtBCA[, duplex := fifelse(grepl("uplex", ACTUAL_USE_DESCRIPTION), 1, 0)]
> dtBCA <- dtBCA[duplex==1 | ACTUAL_USE_DESCRIPTION %in% c("Residential Dwelling with Suite","Single Family Dwelling")]
> dtBCA[,year:=year(CONVEYANCE_DATE)]
> dtBCA <- dtBCA[year >= 2020 ]
> dtBCA <- dtBCA[MB_Effective_Year>=2018]
> # drop size and price outliers
> CUT <- .05
> dtBCA <- dtBCA[MB_Total_Finished_Area >= quantile(MB_Total_Finished_Area,CUT,na.rm=TRUE) &
+                  MB_Total_Finished_Area <= quantile(MB_Total_Finished_Area,1-CUT,na.rm=TRUE)]
> dtBCA[,ppsf := CONVEYANCE_PRICE / MB_Total_Finished_Area]
> 
> print(cor(dtBCA[,.(meanPPSF,slope,elasticity)]))
            meanPPSF     slope elasticity
meanPPSF   1.0000000 0.1915551  0.3337162
slope      0.1915551 1.0000000  0.9636084
elasticity 0.3337162 0.9636084  1.0000000
> ## weird positive correlation??
> print(summary(dtBCA))
    CTUID           ROLL_NUMBER          FOLIO_ID        
 Length:3058        Length:3058        Length:3058       
 Class :character   Class :character   Class :character  
 Mode  :character   Mode  :character   Mode  :character  
                                                         
                                                         
                                                         
                                                         
 ACTUAL_USE_DESCRIPTION JURISDICTION_CODE  NEIGHBOURHOOD     
 Length:3058            Length:3058        Length:3058       
 Class :character       Class :character   Class :character  
 Mode  :character       Mode  :character   Mode  :character  
                                                             
                                                             
                                                             
                                                             
 CONVEYANCE_PRICE   CONVEYANCE_DATE                            geom     
 Min.   :       0   Min.   :2020-01-02 00:00:00.0   POLYGON      :3058  
 1st Qu.: 1510000   1st Qu.:2021-05-11 18:00:00.0   epsg:3005    :   0  
 Median : 1800000   Median :2022-09-27 00:00:00.0   +proj=aea ...:   0  
 Mean   : 2101003   Mean   :2022-10-10 10:47:30.0                       
 3rd Qu.: 2474750   3rd Qu.:2024-03-05 00:00:00.0                       
 Max.   :16000000   Max.   :2025-10-16 00:00:00.0                       
 NA's   :32                                                             
 MB_Effective_Year MB_Total_Finished_Area MB_Year_Built  Other_Building_Flag
 Min.   :2018      Min.   :1237           Min.   :1908   Length:3058        
 1st Qu.:2020      1st Qu.:1551           1st Qu.:2020   Class :character   
 Median :2022      Median :2157           Median :2021   Mode  :character   
 Mean   :2021      Mean   :2332           Mean   :2019                      
 3rd Qu.:2023      3rd Qu.:2870           3rd Qu.:2022                      
 Max.   :2024      Max.   :4602           Max.   :2024                      
                                                                            
    meanPPSF          nobs            slope             elasticity      
 Min.   :587.9   Min.   : 10.00   Min.   :-0.189986   Min.   :-0.92713  
 1st Qu.:648.0   1st Qu.: 37.00   1st Qu.: 0.009014   1st Qu.: 0.05009  
 Median :671.4   Median : 53.00   Median : 0.076027   Median : 0.26257  
 Mean   :702.9   Mean   : 61.55   Mean   : 0.086338   Mean   : 0.40495  
 3rd Qu.:752.8   3rd Qu.: 78.00   3rd Qu.: 0.132656   3rd Qu.: 0.72720  
 Max.   :867.2   Max.   :155.00   Max.   : 0.502588   Max.   : 2.40873  
                                                                        
     duplex            year           ppsf       
 Min.   :0.0000   Min.   :2020   Min.   :   0.0  
 1st Qu.:0.0000   1st Qu.:2021   1st Qu.: 748.3  
 Median :1.0000   Median :2022   Median : 956.1  
 Mean   :0.5052   Mean   :2022   Mean   : 940.9  
 3rd Qu.:1.0000   3rd Qu.:2024   3rd Qu.:1117.9  
 Max.   :1.0000   Max.   :2025   Max.   :3521.9  
                                 NA's   :32      
> 
> print(table(dtBCA[,duplex]))

   0    1 
1513 1545 
> r1 <- feols(ppsf ~ duplex*meanPPSF |CTUID+year, data=dtBCA)
NOTE: 32 observations removed because of NA values (LHS: 32).
The variable 'meanPPSF' has been removed because of collinearity (see $collin.var).
> r2 <- feols(ppsf ~ duplex*slope | CTUID+year, data=dtBCA)
NOTE: 32 observations removed because of NA values (LHS: 32).
The variable 'slope' has been removed because of collinearity (see $collin.var).
> r3 <- feols(ppsf ~ duplex*meanPPSF + duplex*frank(slope) | CTUID+year, data=dtBCA)
NOTE: 32 observations removed because of NA values (LHS: 32).
The variables 'meanPPSF' and 'frank(slope)' have been removed because of collinearity (see $collin.var).
> r4 <- feols(ppsf ~ duplex*meanPPSF + duplex*elasticity | CTUID+year, data=dtBCA)
NOTE: 32 observations removed because of NA values (LHS: 32).
The variables 'meanPPSF' and 'elasticity' have been removed because of collinearity (see $collin.var).
> # print table of regression results akin to outreg
> print(etable(r1,r2,r3,r4,tex=TRUE))
\begingroup
\centering
\begin{tabular}{lcccc}
   \tabularnewline \midrule \midrule
   Dependent Variable: & \multicolumn{4}{c}{ppsf}\\
   Model:                        & (1)      & (2)           & (3)      & (4)\\  
   \midrule
   \emph{Variables}\\
   duplex                        & 145.4    & 162.4$^{***}$ & 160.8    & 201.6\\   
                                 & (173.6)  & (21.11)       & (175.5)  & (187.5)\\   
   duplex $\times$ meanPPSF      & 0.0441   &               & -0.0293  & -0.0585\\   
                                 & (0.2620) &               & (0.2855) & (0.2913)\\   
   duplex $\times$ slope         &          & 163.9         &          &   \\   
                                 &          & (112.8)       &          &   \\   
   duplex $\times$ frank(slope)  &          &               & 0.0240   &   \\   
                                 &          &               & (0.0184) &   \\   
   duplex $\times$ elasticity    &          &               &          & 39.74\\   
                                 &          &               &          & (26.60)\\   
   \midrule
   \emph{Fixed-effects}\\
   CTUID                         & Yes      & Yes           & Yes      & Yes\\  
   year                          & Yes      & Yes           & Yes      & Yes\\  
   \midrule
   \emph{Fit statistics}\\
   Observations                  & 3,026    & 3,026         & 3,026    & 3,026\\  
   R$^2$                         & 0.43398  & 0.43465       & 0.43481  & 0.43487\\  
   Within R$^2$                  & 0.08608  & 0.08716       & 0.08742  & 0.08751\\  
   \midrule \midrule
   \multicolumn{5}{l}{\emph{Clustered (CTUID) standard-errors in parentheses}}\\
   \multicolumn{5}{l}{\emph{Signif. Codes: ***: 0.01, **: 0.05, *: 0.1}}\\
\end{tabular}
\par\endgroup
> 
> pDuplex <- dtBCA[duplex==1,.(meanPDuplex=mean(ppsf,na.rm=TRUE),meanPPSF=mean(meanPPSF,na.rm=TRUE),elasticity=mean(elasticity,na.rm=TRUE),nDuplex=.N),by=.(CTUID)]
> pSingle <- dtBCA[duplex==0,.(meanPSingle=mean(ppsf,na.rm=TRUE),nSingle=.N),by=.(CTUID)]
> pMerge <- merge(pDuplex,pSingle,by="CTUID")
> pMerge[,duplexPremium:=meanPDuplex - meanPSingle]
> pMerge[,shareDuplex:=nDuplex / (nDuplex + nSingle)]
> print(cor(pMerge[,.(duplexPremium,meanPDuplex,shareDuplex,meanPPSF,elasticity)]))
              duplexPremium meanPDuplex shareDuplex   meanPPSF  elasticity
duplexPremium    1.00000000   0.3327273 -0.06009999 -0.1034014  0.12261094
meanPDuplex      0.33272725   1.0000000 -0.50233490  0.7352917  0.33382485
shareDuplex     -0.06009999  -0.5023349  1.00000000 -0.5650182 -0.09372482
meanPPSF        -0.10340136   0.7352917 -0.56501823  1.0000000  0.32931938
elasticity       0.12261094   0.3338249 -0.09372482  0.3293194  1.00000000
> rt1 <- feols(shareDuplex ~ meanPPSF , data=pMerge)
> rt2 <- feols(shareDuplex ~ meanPPSF + elasticity, data=pMerge)
> rt3 <- feols(shareDuplex ~  elasticity, data=pMerge)
> print(etable(rt1,rt2,rt3,tex=TRUE))
\begingroup
\centering
\begin{tabular}{lccc}
   \tabularnewline \midrule \midrule
   Dependent Variable: & \multicolumn{3}{c}{shareDuplex}\\
   Model:         & (1)             & (2)             & (3)\\  
   \midrule
   \emph{Variables}\\
   Constant       & 1.591$^{***}$   & 1.644$^{***}$   & 0.4892$^{***}$\\   
                  & (0.2080)        & (0.2158)        & (0.0317)\\   
   meanPPSF       & -0.0016$^{***}$ & -0.0017$^{***}$ &   \\   
                  & (0.0003)        & (0.0003)        &   \\   
   elasticity     &                 & 0.0334          & -0.0303\\   
                  &                 & (0.0359)        & (0.0408)\\   
   \midrule
   \emph{Fit statistics}\\
   Observations   & 64              & 64              & 64\\  
   R$^2$          & 0.31925         & 0.32881         & 0.00878\\  
   Adjusted R$^2$ & 0.30827         & 0.30680         & -0.00720\\  
   \midrule \midrule
   \multicolumn{4}{l}{\emph{IID standard-errors in parentheses}}\\
   \multicolumn{4}{l}{\emph{Signif. Codes: ***: 0.01, **: 0.05, *: 0.1}}\\
\end{tabular}
\par\endgroup
> 
> proc.time()
   user  system elapsed 
  4.464   0.288   2.739 
