
R version 4.4.0 (2024-04-24) -- "Puppy Cup"
Copyright (C) 2024 The R Foundation for Statistical Computing
Platform: aarch64-apple-darwin20

R is free software and comes with ABSOLUTELY NO WARRANTY.
You are welcome to redistribute it under certain conditions.
Type 'license()' or 'licence()' for distribution details.

  Natural language support but running in an English locale

R is a collaborative project with many contributors.
Type 'contributors()' for more information and
'citation()' on how to cite R or R packages in publications.

Type 'demo()' for some demos, 'help()' for on-line help, or
'help.start()' for an HTML browser interface to help.
Type 'q()' to quit R.

> # main.vancouver_permits_
> # main analysis script
> # Tom Davidoff
> # 01/16/26
> 
> library(data.table)
Warning message:
package ‘data.table’ was built under R version 4.4.1 
> library(ggplot2)
> library(fixest)
> 
> # Vancouver analysis # note neighbourhoodDescription better than tract for analysis level
> # get slopes and mean values from BCA sales analysis by census tract merge
> nameSlope <- "tables/bca19_mean_ppsf_slope_by_neighbourhood.csv"
> if (!file.exists(nameSlope)) {
+   source("scripts/bcaSales.R")
+ }
> # specify column CTUID is a number
> dtSlope <- fread(nameSlope)
> 
> # Now get projects merged with BCA and census tracts
> nameSpatial <- "~/OneDrive - UBC/dataProcessed/vancouverPermitLotsTracts.rds"
> if (!file.exists(nameSpatial)) {
+   source("scripts/mergePermitsSpatial.R")
+ }
> dtSpatial <- readRDS(nameSpatial)
> 
> print(head(dtSpatial))
        CTUID     ROLL_NUMBER    folioID permitnumbercreateddate     use
       <char>          <char>     <char>                  <IDat>  <char>
1: 9330044.00 001633021620000 A0000000CR              2024-01-17  single
2: 9330029.00 009697153290000 A00000191E              2019-02-21  single
3: 9330030.00 016185716270000 A0000025QE              2018-04-30  single
4: 9330013.01 019237750590000 A000002L99              2025-05-13 laneway
5: 9330018.02 019731227950000 A000002MUD              2022-08-29  single
6: 9330008.02 006769050140000 A000000U30              2021-07-15  single
   MB_effective_year MB_total_finished_area neighbourhoodDescription
              <char>                 <char>                   <char>
1:              1965                   4002               POINT GREY
2:                                                            CAMBIE
3:              2019                   3342              MAIN/FRASER
4:              2007                   2198                   KNIGHT
5:              1962                   2145                   KNIGHT
6:              1978                   3064               SOUTHLANDS
                                        address LANDAREA
                                         <char>    <num>
1:   4632 LANGARA AVENUE, Vancouver, BC V6R 1E1   2.8772
2:     869 W 20TH AVENUE, Vancouver, BC V5Z 1Y3   1.5016
3:     4427 JAMES STREET, Vancouver, BC V5V 3H9   1.4562
4: 5835 ARGYLE STREET #3, Vancouver, BC V6P 3J8   1.1375
5:    1395 E 34TH AVENUE, Vancouver, BC V5W 1A5   0.9880
6:    3280 W 48TH AVENUE, Vancouver, BC V6N 3P8   3.5378
> print(head(dtSlope))
    neighbourhoodDescription meanPPSF  nobs      slope
                      <char>    <num> <int>      <num>
1: ARBUTUS/MACKENZIE HEIGHTS 787.7437    54 -0.1160181
2:                    CAMBIE 750.9492    58 -0.1618681
3:             CEDAR COTTAGE 706.9390    75 -0.1030921
4:               COLLINGWOOD 650.0305   132 -0.2268964
5:                    DUNBAR 809.1370    13 -0.1099543
6:                FRASERVIEW 615.9021   165 -0.1970535
> 
> dtMerge <- merge(dtSpatial,dtSlope,by="neighbourhoodDescription")
> print(head(dtMerge))
Key: <neighbourhoodDescription>
    neighbourhoodDescription      CTUID     ROLL_NUMBER    folioID
                      <char>     <char>          <char>     <char>
1: ARBUTUS/MACKENZIE HEIGHTS 9330026.00 004698070060000 A000000MK2
2: ARBUTUS/MACKENZIE HEIGHTS 9330026.00 004701067070000 A000000MPG
3: ARBUTUS/MACKENZIE HEIGHTS 9330023.00 004726060300000 A000000P3A
4: ARBUTUS/MACKENZIE HEIGHTS 9330023.00 004726054310000 A000000P1R
5: ARBUTUS/MACKENZIE HEIGHTS 9330026.00 004698067070000 A000000MJA
6: ARBUTUS/MACKENZIE HEIGHTS 9330026.00 004710062840000 A000000N4W
   permitnumbercreateddate     use MB_effective_year MB_total_finished_area
                    <IDat>  <char>            <char>                 <char>
1:              2021-05-04  duplex              1940                   1619
2:              2023-03-06  single              1944                   1539
3:              2024-10-11 laneway              1996                   2576
4:              2025-06-06  single              2003                   4339
5:              2023-08-30  single              1970                   1829
6:              2025-10-03 laneway              1970                   3387
                                        address LANDAREA meanPPSF  nobs
                                         <char>    <num>    <num> <int>
1:    2796 W 21ST AVENUE, Vancouver, BC V6L 1K3   1.2593 787.7437    54
2:    2893 W 22ND AVENUE, Vancouver, BC V6L 1M7   1.2593 787.7437    54
3: 2882 W 32ND AVENUE #3, Vancouver, BC V6L 2B6   1.2002 787.7437    54
4:    3131 W 32ND AVENUE, Vancouver, BC V6L 2B9   1.2002 787.7437    54
5:    2895 W 21ST AVENUE, Vancouver, BC V6L 1K5   1.2593 787.7437    54
6:  2806 W KING EDWARD AVENUE #3, Vancouver, BC   1.2593 787.7437    54
        slope
        <num>
1: -0.1160181
2: -0.1160181
3: -0.1160181
4: -0.1160181
5: -0.1160181
6: -0.1160181
> print(summary(dtMerge))
 neighbourhoodDescription    CTUID           ROLL_NUMBER       
 Length:3776              Length:3776        Length:3776       
 Class :character         Class :character   Class :character  
 Mode  :character         Mode  :character   Mode  :character  
                                                               
                                                               
                                                               
   folioID          permitnumbercreateddate     use           
 Length:3776        Min.   :2017-01-03      Length:3776       
 Class :character   1st Qu.:2020-02-18      Class :character  
 Mode  :character   Median :2021-11-27      Mode  :character  
                    Mean   :2021-11-04                        
                    3rd Qu.:2024-02-28                        
                    Max.   :2025-12-01                        
 MB_effective_year  MB_total_finished_area   address             LANDAREA     
 Length:3776        Length:3776            Length:3776        Min.   :0.3178  
 Class :character   Class :character       Class :character   1st Qu.:0.8070  
 Mode  :character   Mode  :character       Mode  :character   Median :1.2002  
                                                              Mean   :1.3046  
                                                              3rd Qu.:1.5340  
                                                              Max.   :3.5378  
    meanPPSF          nobs         slope        
 Min.   :615.9   Min.   :  4   Min.   :-0.4940  
 1st Qu.:649.1   1st Qu.: 32   1st Qu.:-0.1972  
 Median :697.4   Median :132   Median :-0.1789  
 Mean   :710.6   Mean   :190   Mean   :-0.1671  
 3rd Qu.:771.2   3rd Qu.:333   3rd Qu.:-0.1487  
 Max.   :809.1   Max.   :466   Max.   :-0.0486  
> print(table(dtMerge[,use]))

 duplex laneway   multi  single 
    770    1625     181    1200 
> # permitnumbercreateddate     use            MB_effective_year 
> # Min.   :2017-01-03      Length:3762        Length:3762       
> 
> dtMerge[,pYear:=year(permitnumbercreateddate)]
> for (y in sort(unique(dtMerge[,pYear]))) {
+   print(y)
+   print(table(dtMerge[pYear==y,use]))
+ }
[1] 2017

laneway  single 
    185     243 
[1] 2018

 duplex laneway  single 
      1      41     196 
[1] 2019

 duplex laneway   multi  single 
     14      58       1     156 
[1] 2020

 duplex laneway   multi  single 
     36     191       1      83 
[1] 2021

 duplex laneway   multi  single 
    275     368       2     161 
[1] 2022

 duplex laneway   multi  single 
    117     203       3      88 
[1] 2023

 duplex laneway   multi  single 
    102     112       4     112 
[1] 2024

 duplex laneway   multi  single 
    131     314      96      95 
[1] 2025

 duplex laneway   multi  single 
     94     153      74      66 
> 
> 
> dtMerge[,MB_total_finished_area:=as.numeric(MB_total_finished_area)]
> dtMerge[,MB_effective_year:=as.numeric(MB_effective_year)]
> dtMerge[,effectiveAge:=pYear - MB_effective_year]
> 
> print(cor(dtMerge[,meanPPSF],dtMerge[,slope],use="complete.obs"))
[1] 0.5344492
> dtMerge[,slopeMean:=mean(slope),by=neighbourhoodDescription]
> 
> # combinedera
> dtMerge[,notSingle:=use!="single" & use!="laneway"]
> print(summary(feols(notSingle ~ meanPPSF + log(MB_total_finished_area) + log(LANDAREA) + log(effectiveAge) | + MB_effective_year,data=dtMerge[pYear %between% c(2019,2025)])))
NOTE: 108 observations removed because of NA and infinite values (RHS: 108, Fixed-effects: 16).
OLS estimation, Dep. Var.: notSingle
Observations: 3,002
Fixed-effects: MB_effective_year: 103
Standard-errors: Clustered (MB_effective_year) 
                             Estimate Std. Error   t value   Pr(>|t|)    
meanPPSF                    -0.000392   0.000144 -2.721476 0.00764365 ** 
log(MB_total_finished_area) -0.122595   0.035827 -3.421904 0.00089602 ***
log(LANDAREA)               -0.012962   0.017114 -0.757434 0.45053623    
log(effectiveAge)            0.495139   0.166266  2.977997 0.00362519 ** 
---
Signif. codes:  0 '***' 0.001 '**' 0.01 '*' 0.05 '.' 0.1 ' ' 1
RMSE: 0.408272     Adj. R2: 0.198468
                 Within R2: 0.023547
Warning message:
In log(effectiveAge) : NaNs produced
> print(summary(feols(notSingle ~ meanPPSF+slope + log(MB_total_finished_area) + log(LANDAREA) + log(effectiveAge) | + MB_effective_year,data=dtMerge[pYear %between% c(2019,2023)])))
NOTE: 108 observations removed because of NA and infinite values (RHS: 108, Fixed-effects: 16).
OLS estimation, Dep. Var.: notSingle
Observations: 1,979
Fixed-effects: MB_effective_year: 98
Standard-errors: Clustered (MB_effective_year) 
                             Estimate Std. Error   t value   Pr(>|t|)    
meanPPSF                    -0.000909   0.000264 -3.443338 0.00084984 ***
slope                        0.279353   0.305653  0.913956 0.36300605    
log(MB_total_finished_area) -0.135202   0.035219 -3.838860 0.00022029 ***
log(LANDAREA)                0.001411   0.022903  0.061617 0.95099452    
log(effectiveAge)            0.415015   0.178649  2.323067 0.02226464 *  
---
Signif. codes:  0 '***' 0.001 '**' 0.01 '*' 0.05 '.' 0.1 ' ' 1
RMSE: 0.398213     Adj. R2: 0.165921
                 Within R2: 0.035384
Warning message:
In log(effectiveAge) : NaNs produced
> 
> # duplex era
> print(summary(feols(use=="duplex" ~ meanPPSF + log(MB_total_finished_area) + log(LANDAREA) + log(effectiveAge) | + MB_effective_year,data=dtMerge[pYear %between% c(2019,2023)])))
NOTE: 108 observations removed because of NA and infinite values (RHS: 108, Fixed-effects: 16).
OLS estimation, Dep. Var.: use == "duplex"
Observations: 1,979
Fixed-effects: MB_effective_year: 98
Standard-errors: Clustered (MB_effective_year) 
                             Estimate Std. Error   t value   Pr(>|t|)    
meanPPSF                    -0.000876   0.000202 -4.331817 3.6077e-05 ***
log(MB_total_finished_area) -0.133963   0.033487 -4.000418 1.2357e-04 ***
log(LANDAREA)                0.003098   0.021886  0.141562 8.8772e-01    
log(effectiveAge)            0.386036   0.169282  2.280435 2.4771e-02 *  
---
Signif. codes:  0 '***' 0.001 '**' 0.01 '*' 0.05 '.' 0.1 ' ' 1
RMSE: 0.395836     Adj. R2: 0.166829
                 Within R2: 0.037987
Warning message:
In log(effectiveAge) : NaNs produced
> print(summary(feols(use=="duplex" ~ meanPPSF+slope + log(MB_total_finished_area) + log(LANDAREA) + log(effectiveAge) | + MB_effective_year,data=dtMerge[pYear %between% c(2019,2023)])))
NOTE: 108 observations removed because of NA and infinite values (RHS: 108, Fixed-effects: 16).
OLS estimation, Dep. Var.: use == "duplex"
Observations: 1,979
Fixed-effects: MB_effective_year: 98
Standard-errors: Clustered (MB_effective_year) 
                             Estimate Std. Error   t value   Pr(>|t|)    
meanPPSF                    -0.000951   0.000257 -3.702607 0.00035451 ***
slope                        0.246676   0.309756  0.796356 0.42776987    
log(MB_total_finished_area) -0.138197   0.034964 -3.952593 0.00014687 ***
log(LANDAREA)                0.001920   0.021242  0.090375 0.92817523    
log(effectiveAge)            0.379181   0.167245  2.267225 0.02559613 *  
---
Signif. codes:  0 '***' 0.001 '**' 0.01 '*' 0.05 '.' 0.1 ' ' 1
RMSE: 0.395747     Adj. R2: 0.16676
                 Within R2: 0.03842
Warning message:
In log(effectiveAge) : NaNs produced
> print(summary(feols(use=="single" ~ meanPPSF+ log(MB_total_finished_area) + log(LANDAREA) + log(effectiveAge) | + MB_effective_year,data=dtMerge[pYear %between% c(2019,2023)])))
NOTE: 108 observations removed because of NA and infinite values (RHS: 108, Fixed-effects: 16).
OLS estimation, Dep. Var.: use == "single"
Observations: 1,979
Fixed-effects: MB_effective_year: 98
Standard-errors: Clustered (MB_effective_year) 
                             Estimate Std. Error  t value   Pr(>|t|)    
meanPPSF                     0.002491   0.000147 16.97955  < 2.2e-16 ***
log(MB_total_finished_area)  0.091561   0.046856  1.95408 0.05357152 .  
log(LANDAREA)                0.058538   0.016316  3.58781 0.00052477 ***
log(effectiveAge)           -0.461548   0.248758 -1.85541 0.06657430 .  
---
Signif. codes:  0 '***' 0.001 '**' 0.01 '*' 0.05 '.' 0.1 ' ' 1
RMSE: 0.37493     Adj. R2: 0.230504
                Within R2: 0.179242
Warning message:
In log(effectiveAge) : NaNs produced
> print(summary(feols(use=="single" ~ meanPPSF+slope + log(MB_total_finished_area) + log(LANDAREA) + log(effectiveAge) | + MB_effective_year,data=dtMerge[pYear %between% c(2019,2023)])))
NOTE: 108 observations removed because of NA and infinite values (RHS: 108, Fixed-effects: 16).
OLS estimation, Dep. Var.: use == "single"
Observations: 1,979
Fixed-effects: MB_effective_year: 98
Standard-errors: Clustered (MB_effective_year) 
                             Estimate Std. Error   t value   Pr(>|t|)    
meanPPSF                     0.002481   0.000166 14.906327  < 2.2e-16 ***
slope                        0.034827   0.295509  0.117853 0.90642759    
log(MB_total_finished_area)  0.090963   0.045838  1.984438 0.05003231 .  
log(LANDAREA)                0.058371   0.016465  3.545253 0.00060565 ***
log(effectiveAge)           -0.462516   0.248406 -1.861937 0.06563938 .  
---
Signif. codes:  0 '***' 0.001 '**' 0.01 '*' 0.05 '.' 0.1 ' ' 1
RMSE: 0.374929     Adj. R2: 0.230101
                 Within R2: 0.17925 
Warning message:
In log(effectiveAge) : NaNs produced
> print(summary(feols(use=="laneway" ~ meanPPSF+ log(MB_total_finished_area) + log(LANDAREA) + log(effectiveAge) | + MB_effective_year,data=dtMerge[pYear %between% c(2019,2023)])))
NOTE: 108 observations removed because of NA and infinite values (RHS: 108, Fixed-effects: 16).
OLS estimation, Dep. Var.: use == "laneway"
Observations: 1,979
Fixed-effects: MB_effective_year: 98
Standard-errors: Clustered (MB_effective_year) 
                             Estimate Std. Error   t value   Pr(>|t|)    
meanPPSF                    -0.001668   0.000264 -6.328339 7.6674e-09 ***
log(MB_total_finished_area)  0.038845   0.047539  0.817134 4.1585e-01    
log(LANDAREA)               -0.061283   0.028608 -2.142154 3.4685e-02 *  
log(effectiveAge)            0.038770   0.304515  0.127319 8.9895e-01    
---
Signif. codes:  0 '***' 0.001 '**' 0.01 '*' 0.05 '.' 0.1 ' ' 1
RMSE: 0.457851     Adj. R2: 0.111332
                 Within R2: 0.054861
Warning message:
In log(effectiveAge) : NaNs produced
> print(summary(feols(use=="laneway" ~ meanPPSF+slope + log(MB_total_finished_area) + log(LANDAREA) + log(effectiveAge) | + MB_effective_year,data=dtMerge[pYear %between% c(2019,2023)])))
NOTE: 108 observations removed because of NA and infinite values (RHS: 108, Fixed-effects: 16).
OLS estimation, Dep. Var.: use == "laneway"
Observations: 1,979
Fixed-effects: MB_effective_year: 98
Standard-errors: Clustered (MB_effective_year) 
                             Estimate Std. Error   t value   Pr(>|t|)    
meanPPSF                    -0.001572   0.000314 -5.012528 2.4185e-06 ***
slope                       -0.314180   0.387569 -0.810642 4.1956e-01    
log(MB_total_finished_area)  0.044239   0.045394  0.974560 3.3220e-01    
log(LANDAREA)               -0.059783   0.028235 -2.117348 3.6788e-02 *  
log(effectiveAge)            0.047501   0.301688  0.157450 8.7522e-01    
---
Signif. codes:  0 '***' 0.001 '**' 0.01 '*' 0.05 '.' 0.1 ' ' 1
RMSE: 0.457726     Adj. R2: 0.111343
                 Within R2: 0.055376
Warning message:
In log(effectiveAge) : NaNs produced
> 
> # non-laneway
> print(summary(feols(use=="duplex" ~ meanPPSF + log(MB_total_finished_area) + log(LANDAREA) + log(effectiveAge) | + MB_effective_year,data=dtMerge[pYear %between% c(2019,2023) & use!="laneway"])))
NOTE: 91 observations removed because of NA and infinite values (RHS: 91, Fixed-effects: 14).
OLS estimation, Dep. Var.: use == "duplex"
Observations: 1,064
Fixed-effects: MB_effective_year: 89
Standard-errors: Clustered (MB_effective_year) 
                             Estimate Std. Error    t value  Pr(>|t|)    
meanPPSF                    -0.002962   0.000232 -12.750376 < 2.2e-16 ***
log(MB_total_finished_area) -0.113194   0.055866  -2.026160  0.045777 *  
log(LANDAREA)               -0.011746   0.019268  -0.609586  0.543707    
log(effectiveAge)            0.506277   0.263314   1.922713  0.057751 .  
---
Signif. codes:  0 '***' 0.001 '**' 0.01 '*' 0.05 '.' 0.1 ' ' 1
RMSE: 0.375983     Adj. R2: 0.380864
                 Within R2: 0.1999  
Warning message:
In log(effectiveAge) : NaNs produced
> print(summary(feols(use=="duplex" ~ meanPPSF+slope + log(MB_total_finished_area) + log(LANDAREA) + log(effectiveAge) | + MB_effective_year,data=dtMerge[pYear %between% c(2019,2023) & use!="laneway"])))
NOTE: 91 observations removed because of NA and infinite values (RHS: 91, Fixed-effects: 14).
OLS estimation, Dep. Var.: use == "duplex"
Observations: 1,064
Fixed-effects: MB_effective_year: 89
Standard-errors: Clustered (MB_effective_year) 
                             Estimate Std. Error    t value  Pr(>|t|)    
meanPPSF                    -0.002958   0.000251 -11.788586 < 2.2e-16 ***
slope                       -0.011641   0.291726  -0.039905  0.968259    
log(MB_total_finished_area) -0.112922   0.057752  -1.955295  0.053722 .  
log(LANDAREA)               -0.011780   0.019298  -0.610441  0.543143    
log(effectiveAge)            0.506466   0.262956   1.926048  0.057327 .  
---
Signif. codes:  0 '***' 0.001 '**' 0.01 '*' 0.05 '.' 0.1 ' ' 1
RMSE: 0.375983     Adj. R2: 0.380226
                 Within R2: 0.199901
Warning message:
In log(effectiveAge) : NaNs produced
> 
> # non-single
> print(summary(feols(use=="duplex" ~ meanPPSF + log(MB_total_finished_area) + log(LANDAREA) + log(effectiveAge) | + MB_effective_year,data=dtMerge[pYear %between% c(2019,2023) & use!="single"])))
NOTE: 23 observations removed because of NA and infinite values (RHS: 23, Fixed-effects: 5).
OLS estimation, Dep. Var.: use == "duplex"
Observations: 1,464
Fixed-effects: MB_effective_year: 95
Standard-errors: Clustered (MB_effective_year) 
                             Estimate Std. Error   t value  Pr(>|t|)    
meanPPSF                    -0.000127   0.000236 -0.538793 0.5913032    
log(MB_total_finished_area) -0.189011   0.056978 -3.317284 0.0012935 ** 
log(LANDAREA)                0.015025   0.032757  0.458682 0.6475213    
log(effectiveAge)            0.626398   0.274100  2.285293 0.0245436 *  
---
Signif. codes:  0 '***' 0.001 '**' 0.01 '*' 0.05 '.' 0.1 ' ' 1
RMSE: 0.425267     Adj. R2: 0.166726
                 Within R2: 0.016985
Warning message:
In log(effectiveAge) : NaNs produced
> print(summary(feols(use=="duplex" ~ meanPPSF+slope + log(MB_total_finished_area) + log(LANDAREA) + log(effectiveAge) | + MB_effective_year,data=dtMerge[pYear %between% c(2019,2023) & use!="single"])))
NOTE: 23 observations removed because of NA and infinite values (RHS: 23, Fixed-effects: 5).
OLS estimation, Dep. Var.: use == "duplex"
Observations: 1,464
Fixed-effects: MB_effective_year: 95
Standard-errors: Clustered (MB_effective_year) 
                             Estimate Std. Error   t value   Pr(>|t|)    
meanPPSF                    -0.000244   0.000325 -0.751435 0.45426836    
slope                        0.379596   0.559386  0.678595 0.49906191    
log(MB_total_finished_area) -0.193697   0.056114 -3.451848 0.00083604 ***
log(LANDAREA)                0.010933   0.031225  0.350130 0.72702471    
log(effectiveAge)            0.616781   0.269799  2.286076 0.02449592 *  
---
Signif. codes:  0 '***' 0.001 '**' 0.01 '*' 0.05 '.' 0.1 ' ' 1
RMSE: 0.425121     Adj. R2: 0.166691
                 Within R2: 0.017664
Warning message:
In log(effectiveAge) : NaNs produced
> 
> # multiplex era
> print(summary(feols(use=="multi" ~ meanPPSF + log(MB_total_finished_area) + log(LANDAREA) + log(effectiveAge) | + MB_effective_year,data=dtMerge[pYear %between% c(2024,2025)])))
OLS estimation, Dep. Var.: use == "multi"
Observations: 1,023
Fixed-effects: MB_effective_year: 90
Standard-errors: Clustered (MB_effective_year) 
                             Estimate Std. Error   t value  Pr(>|t|)    
meanPPSF                    -0.000398   0.000256 -1.553490 0.1238550    
log(MB_total_finished_area)  0.139893   0.044523  3.142033 0.0022788 ** 
log(LANDAREA)               -0.025144   0.024619 -1.021315 0.3098734    
log(effectiveAge)            0.365134   0.469772  0.777257 0.4390683    
---
Signif. codes:  0 '***' 0.001 '**' 0.01 '*' 0.05 '.' 0.1 ' ' 1
RMSE: 0.34067     Adj. R2: 0.078583
                Within R2: 0.013426
> print(summary(feols(use=="multi" ~ meanPPSF+slope + log(MB_total_finished_area) + log(LANDAREA) + log(effectiveAge) | + MB_effective_year,data=dtMerge[pYear %between% c(2024,2025)])))
OLS estimation, Dep. Var.: use == "multi"
Observations: 1,023
Fixed-effects: MB_effective_year: 90
Standard-errors: Clustered (MB_effective_year) 
                             Estimate Std. Error   t value  Pr(>|t|)    
meanPPSF                    -0.000520   0.000223 -2.325697 0.0223079 *  
slope                        0.405463   0.299095  1.355633 0.1786460    
log(MB_total_finished_area)  0.134902   0.044508  3.030948 0.0031922 ** 
log(LANDAREA)               -0.028124   0.025359 -1.109015 0.2704116    
log(effectiveAge)            0.375080   0.465266  0.806162 0.4222982    
---
Signif. codes:  0 '***' 0.001 '**' 0.01 '*' 0.05 '.' 0.1 ' ' 1
RMSE: 0.340406     Adj. R2: 0.079019
                 Within R2: 0.014954
> 
> 
> 
> proc.time()
   user  system elapsed 
  1.281   0.126   0.720 
